\BOOKMARK [1][-]{section.1}{\376\377\000I\000n\000t\000r\000o\000d\000u\000c\000t\000i\000o\000n}{}% 1
\BOOKMARK [1][-]{section.2}{\376\377\000T\000h\000e\000\040\000s\000y\000s\000t\000e\000m\000\040\000a\000t\000\040\000a\000\040\000g\000l\000a\000n\000c\000e}{}% 2
\BOOKMARK [1][-]{section.3}{\376\377\000T\000h\000e\000\040\000E\000M\040\023\000B\000a\000y\000e\000s\000i\000a\000n\000\040\000G\000V\000A\000R}{}% 3
\BOOKMARK [2][-]{subsection.3.1}{\376\377\000P\000e\000r\000-\000c\000o\000u\000n\000t\000r\000y\000\040\000B\000a\000y\000e\000s\000i\000a\000n\000\040\000V\000A\000R\000s\000\040\000a\000n\000d\000\040\000t\000h\000e\000\040\000G\000L\000P\000\040\000p\000r\000i\000o\000r}{section.3}% 4
\BOOKMARK [2][-]{subsection.3.2}{\376\377\000C\000r\000o\000s\000s\000-\000c\000o\000u\000n\000t\000r\000y\000\040\000c\000o\000u\000p\000l\000i\000n\000g\000\040\000t\000h\000r\000o\000u\000g\000h\000\040\000t\000r\000a\000d\000e\000-\000w\000e\000i\000g\000h\000t\000e\000d\000\040\000s\000t\000a\000r\000s}{section.3}% 5
\BOOKMARK [2][-]{subsection.3.3}{\376\377\000E\000M\000\040\000d\000a\000t\000a\000-\000c\000o\000m\000p\000l\000e\000t\000i\000o\000n\000\040\000u\000n\000d\000e\000r\000\040\000r\000a\000g\000g\000e\000d\000\040\000a\000n\000d\000\040\000p\000a\000n\000d\000e\000m\000i\000c\000\040\000m\000i\000s\000s\000i\000n\000g\000n\000e\000s\000s}{section.3}% 6
\BOOKMARK [2][-]{subsection.3.4}{\376\377\000T\000h\000e\000\040\000e\000n\000d\000o\000g\000e\000n\000o\000u\000s\000\040\000d\000o\000m\000i\000n\000a\000n\000t\000\040\000u\000n\000i\000t}{section.3}% 7
\BOOKMARK [2][-]{subsection.3.5}{\376\377\000T\000h\000e\000\040\000f\000i\000s\000c\000a\000l\000\040\000s\000t\000o\000c\000k\040\023\000f\000l\000o\000w\000\040\000b\000l\000o\000c\000k}{section.3}% 8
\BOOKMARK [2][-]{subsection.3.6}{\376\377\000T\000h\000e\000\040\000e\000s\000t\000i\000m\000a\000b\000l\000e\000\040\000f\000i\000x\000e\000d\000\040\000p\000o\000i\000n\000t\000\040\000a\000n\000d\000\040\000c\000o\000n\000v\000e\000r\000g\000e\000n\000c\000e}{section.3}% 9
\BOOKMARK [1][-]{section.4}{\376\377\000R\000e\000a\000l\000-\000t\000i\000m\000e\000\040\000s\000o\000l\000u\000t\000i\000o\000n\000\040\000a\000n\000d\000\040\000t\000h\000e\000\040\000s\000c\000e\000n\000a\000r\000i\000o\000\040\000e\000n\000g\000i\000n\000e}{}% 10
\BOOKMARK [2][-]{subsection.4.1}{\376\377\000T\000h\000e\000\040\000a\000f\000f\000i\000n\000e\000\040\000f\000i\000x\000e\000d\000\040\000p\000o\000i\000n\000t\000\040\000a\000n\000d\000\040\000t\000h\000e\000\040\000p\000r\000e\000-\000s\000h\000i\000p\000p\000e\000d\000\040\000i\000n\000v\000e\000r\000s\000e}{section.4}% 11
\BOOKMARK [2][-]{subsection.4.2}{\376\377\000C\000o\000n\000d\000i\000t\000i\000o\000n\000a\000l\000\040\000f\000o\000r\000e\000c\000a\000s\000t\000i\000n\000g\000\040\000v\000i\000a\000\040\000t\000h\000e\000\040\000s\000m\000o\000o\000t\000h\000e\000r}{section.4}% 12
\BOOKMARK [2][-]{subsection.4.3}{\376\377\000L\000o\000n\000g\000-\000r\000u\000n\000\040\000a\000n\000c\000h\000o\000r\000i\000n\000g\000:\000\040\000a\000\040\000r\000e\000a\000c\000t\000i\000v\000e\000\040\000s\000t\000e\000a\000d\000y\000-\000s\000t\000a\000t\000e\000\040\000p\000r\000i\000o\000r}{section.4}% 13
\BOOKMARK [2][-]{subsection.4.4}{\376\377\000F\000r\000o\000m\000\040\000e\000s\000t\000i\000m\000a\000t\000i\000o\000n\000\040\000a\000p\000p\000a\000r\000a\000t\000u\000s\000\040\000t\000o\000\040\000i\000n\000t\000e\000r\000a\000c\000t\000i\000v\000e\000\040\000t\000o\000o\000l}{section.4}% 14
\BOOKMARK [1][-]{section.5}{\376\377\000D\000a\000t\000a}{}% 15
\BOOKMARK [1][-]{section.6}{\376\377\000D\000o\000e\000s\000\040\000i\000t\000\040\000f\000o\000r\000e\000c\000a\000s\000t\000?\000\040\000T\000h\000e\000\040\000o\000u\000t\000-\000o\000f\000-\000s\000a\000m\000p\000l\000e\000\040\000c\000r\000e\000d\000i\000b\000i\000l\000i\000t\000y\000\040\000f\000l\000o\000o\000r}{}% 16
\BOOKMARK [2][-]{subsection.6.1}{\376\377\000D\000e\000s\000i\000g\000n}{section.6}% 17
\BOOKMARK [2][-]{subsection.6.2}{\376\377\000S\000c\000o\000r\000i\000n\000g\000\040\000a\000n\000d\000\040\000i\000n\000f\000e\000r\000e\000n\000c\000e}{section.6}% 18
\BOOKMARK [2][-]{subsection.6.3}{\376\377\000R\000e\000s\000u\000l\000t\000s}{section.6}% 19
\BOOKMARK [2][-]{subsection.6.4}{\376\377\000W\000h\000a\000t\000\040\000t\000h\000e\000\040\000t\000e\000s\000t\000\040\000e\000s\000t\000a\000b\000l\000i\000s\000h\000e\000s}{section.6}% 20
\BOOKMARK [1][-]{section.7}{\376\377\000W\000h\000a\000t\000\040\000i\000t\000\040\000e\000n\000a\000b\000l\000e\000s\000:\000\040\000g\000l\000o\000b\000a\000l\000\040\000s\000c\000e\000n\000a\000r\000i\000o\000\040\000a\000n\000a\000l\000y\000s\000i\000s}{}% 21
\BOOKMARK [2][-]{subsection.7.1}{\376\377\000A\000\040\000s\000c\000e\000n\000a\000r\000i\000o\000\040\000i\000s\000\040\000j\000u\000s\000t\000\040\000a\000\040\000c\000o\000n\000d\000i\000t\000i\000o\000n\000a\000l\000\040\000f\000o\000r\000e\000c\000a\000s\000t}{section.7}% 22
\BOOKMARK [2][-]{subsection.7.2}{\376\377\000A\000\040\000g\000l\000o\000b\000a\000l\000\040\000t\000r\000a\000n\000s\000m\000i\000s\000s\000i\000o\000n\000\040\000e\000x\000h\000i\000b\000i\000t}{section.7}% 23
\BOOKMARK [2][-]{subsection.7.3}{\376\377\000T\000h\000e\000\040\000f\000e\000e\000d\000b\000a\000c\000k\000\040\000o\000n\000t\000o\000\040\000t\000h\000e\000\040\000U\000n\000i\000t\000e\000d\000\040\000S\000t\000a\000t\000e\000s}{section.7}% 24
\BOOKMARK [2][-]{subsection.7.4}{\376\377\000T\000h\000e\000\040\000f\000i\000s\000c\000a\000l\000/\000d\000e\000b\000t\000\040\000r\000e\000s\000p\000o\000n\000s\000e}{section.7}% 25
\BOOKMARK [1][-]{section.8}{\376\377\000W\000h\000a\000t\000\040\000t\000h\000e\000\040\000s\000y\000s\000t\000e\000m\000\040\000e\000n\000a\000b\000l\000e\000s\000;\000\040\000l\000i\000m\000i\000t\000a\000t\000i\000o\000n\000s}{}% 26
\BOOKMARK [1][-]{section.9}{\376\377\000C\000o\000n\000c\000l\000u\000s\000i\000o\000n}{}% 27
\BOOKMARK [1][-]{appendix.A}{\376\377\000E\000s\000t\000i\000m\000a\000t\000i\000o\000n\000\040\000a\000n\000d\000\040\000s\000o\000l\000u\000t\000i\000o\000n\000\040\000d\000e\000t\000a\000i\000l\000s}{}% 28
\BOOKMARK [1][-]{appendix.B}{\376\377\000D\000a\000t\000a\000\040\000r\000o\000s\000t\000e\000r\000\040\000a\000n\000d\000\040\000p\000e\000r\000-\000b\000l\000o\000c\000\040\000v\000a\000r\000i\000a\000b\000l\000e\000\040\000t\000a\000b\000l\000e\000s}{}% 29
\BOOKMARK [1][-]{appendix.C}{\376\377\000F\000u\000l\000l\000\040\0003\0003\000-\000b\000l\000o\000c\000\040\000e\000v\000a\000l\000u\000a\000t\000i\000o\000n\000\040\000p\000a\000n\000e\000l}{}% 30
\BOOKMARK [1][-]{appendix.D}{\376\377\000R\000e\000p\000l\000i\000c\000a\000t\000i\000o\000n}{}% 31
\BOOKMARK [1][-]{section*.2}{\376\377\000A\000p\000p\000e\000n\000d\000i\000x\000:\000\040\000T\000h\000e\000\040\000T\000e\000c\000h\000n\000i\000c\000a\000l\000\040\000a\000n\000d\000\040\000U\000s\000e\000r\000\040\000M\000a\000n\000u\000a\000l}{}% 32
