\BOOKMARK [1][-]{section.1}{\376\377\000T\000h\000e\000\040\000m\000o\000d\000e\000l\000\040\000i\000n\000\040\000o\000n\000e\000\040\000p\000a\000r\000a\000g\000r\000a\000p\000h}{}% 1
\BOOKMARK [1][-]{section.2}{\376\377\000T\000h\000e\000\040\000U\000S\000\040\000V\000A\000R}{}% 2
\BOOKMARK [2][-]{subsection.2.1}{\376\377\000T\000h\000e\000\040\000s\000y\000s\000t\000e\000m}{section.2}% 3
\BOOKMARK [2][-]{subsection.2.2}{\376\377\000T\000h\000e\000\040\000d\000o\000m\000e\000s\000t\000i\000c\000/\000f\000o\000r\000e\000i\000g\000n\000\040\000p\000a\000r\000t\000i\000t\000i\000o\000n}{section.2}% 4
\BOOKMARK [2][-]{subsection.2.3}{\376\377\000E\000s\000t\000i\000m\000a\000t\000e\000d\000\040\000o\000b\000j\000e\000c\000t\000s\000\040\000a\000n\000d\000\040\000s\000t\000a\000t\000e\000-\000s\000p\000a\000c\000e\000\040\000f\000o\000r\000m}{section.2}% 5
\BOOKMARK [1][-]{section.3}{\376\377\000T\000h\000e\000\040\000f\000o\000r\000e\000i\000g\000n\000\040\000v\000a\000r\000i\000a\000b\000l\000e\000s}{}% 6
\BOOKMARK [2][-]{subsection.3.1}{\376\377\000T\000r\000a\000d\000e\000\040\000w\000e\000i\000g\000h\000t\000s}{section.3}% 7
\BOOKMARK [2][-]{subsection.3.2}{\376\377\000C\000o\000n\000s\000t\000r\000u\000c\000t\000i\000o\000n\000\040\000o\000f\000\040\000t\000h\000e\000\040\000s\000t\000a\000r\000s}{section.3}% 8
\BOOKMARK [2][-]{subsection.3.3}{\376\377\000T\000h\000e\000\040\000g\000l\000o\000b\000a\000l\000\040\000c\000o\000m\000m\000o\000n\000s}{section.3}% 9
\BOOKMARK [1][-]{section.4}{\376\377\000T\000h\000e\000\040\000p\000r\000i\000o\000r}{}% 10
\BOOKMARK [1][-]{section.5}{\376\377\000E\000s\000t\000i\000m\000a\000t\000i\000o\000n\000\040\000w\000i\000t\000h\000\040\000i\000n\000c\000o\000m\000p\000l\000e\000t\000e\000\040\000d\000a\000t\000a}{}% 11
\BOOKMARK [2][-]{subsection.5.1}{\376\377\000T\000h\000e\000\040\000m\000i\000s\000s\000i\000n\000g\000-\000d\000a\000t\000a\000\040\000p\000a\000t\000t\000e\000r\000n}{section.5}% 12
\BOOKMARK [2][-]{subsection.5.2}{\376\377\000T\000h\000e\000\040\000G\000i\000b\000b\000s\000\040\000s\000a\000m\000p\000l\000e\000r}{section.5}% 13
\BOOKMARK [2][-]{subsection.5.3}{\376\377\000T\000h\000e\000\040\000o\000u\000t\000e\000r\000\040\000s\000t\000a\000r\000\040\000i\000t\000e\000r\000a\000t\000i\000o\000n}{section.5}% 14
\BOOKMARK [1][-]{section.6}{\376\377\000T\000h\000e\000\040\000e\000s\000t\000i\000m\000a\000t\000e\000d\000\040\000f\000o\000r\000e\000i\000g\000n\000\040\000b\000l\000o\000c\000k}{}% 15
\BOOKMARK [1][-]{section.7}{\376\377\000T\000h\000e\000\040\000l\000i\000n\000k\000a\000g\000e\000\040\000a\000t\000\040\000s\000o\000l\000v\000e\000\040\000t\000i\000m\000e}{}% 16
\BOOKMARK [2][-]{subsection.7.1}{\376\377\000S\000c\000e\000n\000a\000r\000i\000o\000s\000\040\000a\000r\000e\000\040\000c\000o\000n\000d\000i\000t\000i\000o\000n\000a\000l\000\040\000f\000o\000r\000e\000c\000a\000s\000t\000s}{section.7}% 17
\BOOKMARK [2][-]{subsection.7.2}{\376\377\000P\000i\000n\000n\000i\000n\000g\000\040\000t\000h\000e\000\040\000s\000t\000a\000r\000s\000\040\000t\000o\000\040\000t\000h\000e\000\040\000p\000a\000r\000t\000n\000e\000r\000s}{section.7}% 18
\BOOKMARK [2][-]{subsection.7.3}{\376\377\000T\000h\000e\000\040\000l\000i\000n\000e\000a\000r\000\040\000f\000i\000x\000e\000d\000\040\000p\000o\000i\000n\000t}{section.7}% 19
\BOOKMARK [2][-]{subsection.7.4}{\376\377\000W\000h\000a\000t\000\040\000e\000n\000d\000o\000g\000e\000n\000e\000i\000t\000y\000\040\000b\000u\000y\000s}{section.7}% 20
\BOOKMARK [1][-]{section.8}{\376\377\000R\000e\000l\000a\000t\000i\000o\000n\000\040\000t\000o\000\040\000t\000h\000e\000\040\000c\000l\000a\000s\000s\000i\000c\000a\000l\000\040\000G\000V\000A\000R}{}% 21
\BOOKMARK [1][-]{section.9}{\376\377\000T\000h\000e\000\040\000m\000o\000d\000e\000l\000\040\000i\000n\000\040\000n\000u\000m\000b\000e\000r\000s}{}% 22
\BOOKMARK [1][-]{appendix.A}{\376\377\000T\000h\000e\000\040\0004\0000\000-\000v\000a\000r\000i\000a\000b\000l\000e\000\040\000r\000o\000s\000t\000e\000r}{}% 23
