\BOOKMARK [1][-]{section.1}{\376\377\000I\000n\000t\000r\000o\000d\000u\000c\000t\000i\000o\000n}{}% 1
\BOOKMARK [1][-]{section.2}{\376\377\000G\000e\000t\000t\000i\000n\000g\000\040\000s\000t\000a\000r\000t\000e\000d}{}% 2
\BOOKMARK [2][-]{subsection.2.1}{\376\377\000T\000h\000e\000\040\000s\000c\000r\000e\000e\000n}{section.2}% 3
\BOOKMARK [2][-]{subsection.2.2}{\376\377\000R\000e\000a\000d\000i\000n\000g\000\040\000o\000n\000e\000\040\000c\000h\000a\000r\000t}{section.2}% 4
\BOOKMARK [1][-]{section.3}{\376\377\000T\000h\000e\000\040\000c\000o\000u\000n\000t\000r\000y\000\040\000m\000o\000d\000e\000l\000s}{}% 5
\BOOKMARK [2][-]{subsection.3.1}{\376\377\000R\000e\000d\000u\000c\000e\000d\000\040\000f\000o\000r\000m\000\040\000a\000n\000d\000\040\000d\000a\000t\000a\000\040\000s\000p\000a\000c\000e\000s}{section.3}% 6
\BOOKMARK [2][-]{subsection.3.2}{\376\377\000T\000h\000e\000\040\000h\000i\000e\000r\000a\000r\000c\000h\000i\000c\000a\000l\000\040\000p\000r\000i\000o\000r}{section.3}% 7
\BOOKMARK [2][-]{subsection.3.3}{\376\377\000S\000e\000a\000s\000o\000n\000a\000l\000\040\000d\000u\000m\000m\000i\000e\000s}{section.3}% 8
\BOOKMARK [2][-]{subsection.3.4}{\376\377\000C\000O\000V\000I\000D\000\040\000a\000s\000\040\000m\000i\000s\000s\000i\000n\000g\000\040\000d\000a\000t\000a}{section.3}% 9
\BOOKMARK [2][-]{subsection.3.5}{\376\377\000W\000h\000a\000t\000\040\000s\000h\000i\000p\000s\000:\000\040\000p\000o\000s\000t\000e\000r\000i\000o\000r\000\040\000o\000u\000t\000p\000u\000t\000\040\000a\000n\000d\000\040\000p\000r\000e\000d\000i\000c\000t\000i\000v\000e\000\040\000b\000a\000n\000d\000s}{section.3}% 10
\BOOKMARK [1][-]{section.4}{\376\377\000C\000o\000n\000d\000i\000t\000i\000o\000n\000a\000l\000\040\000f\000o\000r\000e\000c\000a\000s\000t\000i\000n\000g}{}% 11
\BOOKMARK [2][-]{subsection.4.1}{\376\377\000C\000o\000m\000p\000a\000n\000i\000o\000n\000-\000f\000o\000r\000m\000\040\000s\000t\000a\000t\000e\000\040\000s\000p\000a\000c\000e}{section.4}% 12
\BOOKMARK [2][-]{subsection.4.2}{\376\377\000F\000i\000l\000t\000e\000r\000\040\000a\000n\000d\000\040\000s\000m\000o\000o\000t\000h\000e\000r\000\040\000w\000i\000t\000h\000\040\000p\000a\000r\000t\000i\000a\000l\000\040\000o\000b\000s\000e\000r\000v\000a\000t\000i\000o\000n\000s}{section.4}% 13
\BOOKMARK [2][-]{subsection.4.3}{\376\377\000T\000h\000e\000\040\000d\000i\000s\000p\000l\000a\000y\000:\000\040\000e\000x\000a\000c\000t\000\040\000d\000e\000l\000t\000a\000s\000\040\000o\000n\000\040\000t\000h\000e\000\040\000s\000t\000o\000r\000e\000d\000\040\000b\000a\000s\000e\000l\000i\000n\000e}{section.4}% 14
\BOOKMARK [2][-]{subsection.4.4}{\376\377\000O\000p\000e\000r\000a\000t\000i\000n\000g\000\040\000h\000a\000r\000d\000\040\000p\000i\000n\000s}{section.4}% 15
\BOOKMARK [2][-]{subsection.4.5}{\376\377\000S\000o\000f\000t\000\040\000p\000i\000n\000s\000:\000\040\000o\000u\000t\000s\000i\000d\000e\000\040\000f\000o\000r\000e\000c\000a\000s\000t\000s\000\040\000w\000i\000t\000h\000\040\000a\000\040\000t\000r\000u\000s\000t\000\040\000d\000i\000a\000l}{section.4}% 16
\BOOKMARK [2][-]{subsection.4.6}{\376\377\000S\000c\000e\000n\000a\000r\000i\000o\000\040\000u\000n\000c\000e\000r\000t\000a\000i\000n\000t\000y\000\040\000b\000a\000n\000d\000s}{section.4}% 17
\BOOKMARK [1][-]{section.5}{\376\377\000T\000h\000e\000\040\000g\000l\000o\000b\000a\000l\000\040\000m\000o\000d\000e\000l}{}% 18
\BOOKMARK [2][-]{subsection.5.1}{\376\377\000S\000t\000a\000r\000\040\000v\000a\000r\000i\000a\000b\000l\000e\000s\000\040\000a\000n\000d\000\040\000t\000r\000a\000d\000e\000\040\000w\000e\000i\000g\000h\000t\000s}{section.5}% 19
\BOOKMARK [2][-]{subsection.5.2}{\376\377\000E\000s\000t\000i\000m\000a\000t\000i\000o\000n\000:\000\040\000a\000n\000\040\000E\000M\000\040\000f\000i\000x\000e\000d\000\040\000p\000o\000i\000n\000t\000\040\000i\000n\000\040\000t\000h\000e\000\040\000c\000o\000m\000p\000l\000e\000t\000e\000d\000\040\000s\000t\000a\000r\000s}{section.5}% 20
\BOOKMARK [2][-]{subsection.5.3}{\376\377\000S\000o\000l\000v\000e\000-\000t\000i\000m\000e\000\040\000c\000o\000u\000p\000l\000i\000n\000g\000:\000\040\000a\000\040\000l\000i\000n\000e\000a\000r\000\040\000f\000i\000x\000e\000d\000\040\000p\000o\000i\000n\000t}{section.5}% 21
\BOOKMARK [2][-]{subsection.5.4}{\376\377\000G\000l\000o\000b\000a\000l\000\040\000c\000o\000m\000m\000o\000n\000s}{section.5}% 22
\BOOKMARK [2][-]{subsection.5.5}{\376\377\000O\000p\000e\000r\000a\000t\000i\000n\000g\000\040\000t\000h\000e\000\040\000g\000l\000o\000b\000a\000l\000\040\000s\000o\000l\000v\000e}{section.5}% 23
\BOOKMARK [2][-]{subsection.5.6}{\376\377\000E\000u\000r\000o\000-\000a\000r\000e\000a\000\040\000m\000e\000m\000b\000e\000r\000s\000:\000\040\000o\000n\000e\000\040\000d\000o\000o\000r\000w\000a\000y}{section.5}% 24
\BOOKMARK [2][-]{subsection.5.7}{\376\377\000O\000u\000t\000s\000i\000d\000e\000\040\000f\000o\000r\000e\000c\000a\000s\000t\000s\000\040\000a\000c\000r\000o\000s\000s\000\040\000b\000o\000r\000d\000e\000r\000s}{section.5}% 25
\BOOKMARK [2][-]{subsection.5.8}{\376\377\000P\000e\000r\000-\000d\000r\000a\000w\000\040\000c\000o\000u\000p\000l\000e\000d\000\040\000b\000a\000n\000d\000s}{section.5}% 26
\BOOKMARK [2][-]{subsection.5.9}{\376\377\000I\000d\000e\000n\000t\000i\000f\000i\000c\000a\000t\000i\000o\000n\000:\000\040\000w\000h\000a\000t\000\040\000i\000s\000\040\000a\000s\000s\000u\000m\000e\000d\000\040\000w\000h\000e\000r\000e}{section.5}% 27
\BOOKMARK [1][-]{section.6}{\376\377\000P\000u\000b\000l\000i\000c\000\040\000f\000i\000n\000a\000n\000c\000e\000s}{}% 28
\BOOKMARK [2][-]{subsection.6.1}{\376\377\000E\000s\000t\000i\000m\000a\000t\000e\000d\000\040\000d\000r\000i\000v\000e\000r\000s}{section.6}% 29
\BOOKMARK [2][-]{subsection.6.2}{\376\377\000T\000h\000e\000\040\000d\000e\000b\000t\000\040\000r\000e\000c\000u\000r\000s\000i\000o\000n}{section.6}% 30
\BOOKMARK [2][-]{subsection.6.3}{\376\377\000T\000a\000r\000g\000e\000t\000i\000n\000g\000\040\000a\000\040\000d\000e\000b\000t\000\040\000o\000r\000\040\000b\000a\000l\000a\000n\000c\000e\000\040\000p\000a\000t\000h}{section.6}% 31
\BOOKMARK [1][-]{section.7}{\376\377\000T\000h\000e\000\040\000e\000x\000t\000e\000r\000n\000a\000l\000\040\000a\000c\000c\000o\000u\000n\000t\000s}{}% 32
\BOOKMARK [1][-]{section.8}{\376\377\000L\000o\000n\000g\000-\000r\000u\000n\000\040\000a\000n\000c\000h\000o\000r\000s}{}% 33
\BOOKMARK [2][-]{subsection.8.1}{\376\377\000T\000h\000e\000\040\000d\000r\000i\000f\000t\000\040\000s\000e\000t\000t\000e\000r}{section.8}% 34
\BOOKMARK [2][-]{subsection.8.2}{\376\377\000T\000h\000e\000\040\000i\000n\000-\000p\000r\000i\000o\000r\000\040\000l\000o\000n\000g\000-\000r\000u\000n\000\040\000p\000r\000i\000o\000r}{section.8}% 35
\BOOKMARK [1][-]{section.9}{\376\377\000P\000o\000l\000i\000c\000y\000\040\000c\000o\000u\000n\000t\000e\000r\000f\000a\000c\000t\000u\000a\000l\000s}{}% 36
\BOOKMARK [2][-]{subsection.9.1}{\376\377\000I\000m\000p\000u\000l\000s\000e\000\040\000r\000e\000s\000p\000o\000n\000s\000e\000s\000\040\000a\000n\000d\000\040\000s\000h\000o\000c\000k\000\040\000i\000n\000v\000e\000r\000s\000i\000o\000n}{section.9}% 37
\BOOKMARK [2][-]{subsection.9.2}{\376\377\000R\000e\000-\000c\000o\000n\000d\000i\000t\000i\000o\000n\000i\000n\000g\000\040\000a\000n\000d\000\040\000t\000h\000e\000\040\000r\000e\000s\000p\000o\000n\000s\000e\000\040\000m\000o\000d\000e\000s}{section.9}% 38
\BOOKMARK [2][-]{subsection.9.3}{\376\377\000R\000e\000a\000d\000i\000n\000g\000\040\000t\000h\000e\000\040\000r\000e\000s\000u\000l\000t}{section.9}% 39
\BOOKMARK [2][-]{subsection.9.4}{\376\377\000O\000p\000t\000i\000m\000a\000l\000\040\000p\000o\000l\000i\000c\000y}{section.9}% 40
\BOOKMARK [1][-]{section.10}{\376\377\000D\000a\000t\000a\000,\000\040\000v\000i\000n\000t\000a\000g\000e\000s\000,\000\040\000a\000n\000d\000\040\000u\000p\000d\000a\000t\000e\000s}{}% 41
\BOOKMARK [2][-]{subsection.10.1}{\376\377\000S\000o\000u\000r\000c\000e\000s}{section.10}% 42
\BOOKMARK [2][-]{subsection.10.2}{\376\377\000V\000i\000n\000t\000a\000g\000e\000\040\000p\000o\000l\000i\000c\000y\000:\000\040\000e\000s\000t\000i\000m\000a\000t\000e\000\040\000o\000n\000c\000e\000,\000\040\000s\000h\000i\000f\000t\000\040\000q\000u\000a\000r\000t\000e\000r\000l\000y}{section.10}% 43
\BOOKMARK [1][-]{section.11}{\376\377\000E\000v\000a\000l\000u\000a\000t\000i\000o\000n}{}% 44
\BOOKMARK [2][-]{subsection.11.1}{\376\377\000D\000e\000s\000i\000g\000n}{section.11}% 45
\BOOKMARK [2][-]{subsection.11.2}{\376\377\000R\000e\000s\000u\000l\000t\000s}{section.11}% 46
\BOOKMARK [2][-]{subsection.11.3}{\376\377\000T\000h\000e\000\040\000e\000n\000d\000o\000g\000e\000n\000o\000u\000s\000-\000U\000S\000\040\000c\000o\000n\000t\000r\000a\000s\000t}{section.11}% 47
\BOOKMARK [1][-]{section.12}{\376\377\000I\000m\000p\000l\000e\000m\000e\000n\000t\000a\000t\000i\000o\000n\000\040\000a\000n\000d\000\040\000r\000e\000p\000r\000o\000d\000u\000c\000i\000b\000i\000l\000i\000t\000y}{}% 48
\BOOKMARK [2][-]{subsection.12.1}{\376\377\000C\000l\000i\000e\000n\000t\000-\000s\000i\000d\000e\000\040\000c\000o\000m\000p\000u\000t\000a\000t\000i\000o\000n}{section.12}% 49
\BOOKMARK [2][-]{subsection.12.2}{\376\377\000R\000e\000p\000o\000s\000i\000t\000o\000r\000y\000\040\000a\000n\000d\000\040\000r\000e\000p\000l\000i\000c\000a\000t\000i\000o\000n}{section.12}% 50
\BOOKMARK [1][-]{section.13}{\376\377\000F\000i\000n\000a\000l\000\040\000t\000h\000o\000u\000g\000h\000t\000s}{}% 51
\BOOKMARK [2][-]{subsection.13.1}{\376\377\000L\000i\000m\000i\000t\000a\000t\000i\000o\000n\000s}{section.13}% 52
\BOOKMARK [2][-]{subsection.13.2}{\376\377\000K\000n\000o\000w\000n\000\040\000i\000s\000s\000u\000e\000s}{section.13}% 53
\BOOKMARK [2][-]{subsection.13.3}{\376\377\000D\000i\000r\000e\000c\000t\000i\000o\000n\000s}{section.13}% 54
\BOOKMARK [1][-]{appendix.A}{\376\377\000N\000o\000t\000a\000t\000i\000o\000n}{}% 55
\BOOKMARK [1][-]{appendix.B}{\376\377\000T\000h\000e\000\040\000d\000e\000p\000l\000o\000y\000e\000d\000\040\000e\000c\000o\000n\000o\000m\000i\000e\000s}{}% 56
\BOOKMARK [1][-]{appendix.C}{\376\377\000G\000l\000o\000s\000s\000a\000r\000y}{}% 57
\BOOKMARK [1][-]{section*.32}{\376\377\000D\000i\000s\000c\000l\000a\000i\000m\000e\000r}{}% 58
